[  0.0000] Linux version 4.15.0-91-gerc (buid@lgw01-amd-013) cc version 7.4.0 (Ubuntu 7.4.0-1ubuntu1~18.04.1)) #92-Ubuntu SMP Fri Feb 28 11:09:48 U 220 (untu 4.15-91.92-generic 4.15.18)
[    0.000000] Command line: BOOT_IMAGE=/boot/vmlinuz-4.15.0-91-generic root=UUID=fc432cd9-3eff-4f0f-956a-9c088d130e57 ro console=tty1 csole=ttyS0
[    0.000000] KERNEL supported cpus:
[    0.000000]   Intel GenuineIntel
[    0.000000]   AMD AuthenticAMD
[    0.000000]   Centaur CentaurHauls
[    0.000000] x86/fpu: Supporting XSAVE feature 0x001: 'x87 floating point registers'
[    000000] x/fu: Supporti XSA feature 0x002: 'SSE registers'
[    0.000000] x86/fpu: Supporting XSAVE feature 0x004: 'AVX registers'
[    0.000000] x86/fpu: xstate_offset[2]:  576, xstae_sizes[2]:  256
[    0.000000] x86/fpu: Enabled xstate features 0x7, context size is 832 bytes, using 'standard' format.
[    000000] e820: BIOS-provided physical RAM map:
[    0.000000] BIOS-e820: [mem 0x0000000000000000-0x000000000009fbff] usable
[    0.0000] BIOS-e820: [mem 0x000000009fc00-0x000000000009ffff] reserved
[    0.000000] BIOS-e820: [mem 0x00000000000f0000-0x00000000000fffff] reserved
[    0.000000] BIOS-e820: [mem 0x0000000000100000-0x000000003ffeffff] usable
[    0.000000] BIOS-e820: [mem 0x000000003fff0000-0x000000003fffffff] ACPI data
[    0.000000] BIOS-e820: [mem 0x00000000fec00000-0x00000000fec00fff] reserved
[    0.000000] BIOS-e820: [mem 0x00000000fee00000-0x00000000fee00fff] reserved
[    0.000000] BIOS-e820: [mem 0x00000000fffc0000-0x00000000ffffffff] reserved
[    0.000000] NX (Execute Disable) protectio: active
[    0.000000] SMBIOS 2.5 present.
[    0.000000] DMI: innotek GmbH irtualBox/VirtualBox, BIOS VirtualBox 12/01/2006
[    00000] Hypervisor detected: KVM
[    0.000000] e820: last_pfn = 0x3fff0 max_arch_pfn = 0x400000000
[    0.000000] MTRR: Disabled
[    0.000000] x86/PAT: MTRRs disabled, skipping PAT initialization too.
[    0.000000] CPU MTRRs all blank - vituaze syem
  0.000000x86/PAT: Configurati [0-7]: WB WT  UC- UC  WB  WT  UC- UC  
[    .0000 found SMP MP-table at [mem 0x0009fff0-0x0009ffff]
[    0.000000] Scanning 1 areas for lomemory rruption
[    0.000000] RAMDISK: [mem 0x35965000-0x36ca9fff]
[    0.000000] ACPI: Early table checksum verification disabled
[    0.000000] ACPI: RSDP 0x00000000000E0000 000024 (v02 VBOX  )
[    0.000000] ACPI: XSDT 0x000000003FFF0030 00003C (v01 VBOX   VBOXXSDT 00000001 ASL  00000061)
[    0.000000] ACPI: FACP 0x000000003FFF00F0 0000F4 (v04 VBOX   VBOXFACP 00000001 ASL  00000061)
[    0.000000] ACPI: DSDT 0x000000003FFF0470 0021FF (v02 VBOX   VBOXBIOS 00000002 INTL 20100528)
[    0.0000]CP: FACS 0x00000FFF0200 000040
[  0.00000] ACPI: FACS0x0000003FFF0200 000040
[    0.000000] ACPI: APIC 0x000000003FFF0240 00005C (v02 VBOX   VBOXAPIC 00000001 ASL  00000061)
[    0.000000] ACPI: SSDT 0x000000003FFF02A0 0001CC (v01 VBOX   VBOXCPUT 00000002 INTL 20100528)
[    0.000000] No NUMA configuration found
[    0.000000] Faking a node at [mem 0x0000000000000000-0x000000003ffeffff]
[    0.000000] NODE_DATA(0) allocated [mem 0x3ffc5000-0x3ffeffff]
[    0.000000] kvm-clock: cpu 0, msr 0:3ff44001, pimary cpu clock
[    0.000000] kvm-clock: Using msrs 4b564d01 and 4b564d00
[    0.000000] kvm-clock: using sched offset of 5933527926 cycles
[    0.000000] clocksource: kvm-clock: mask: 0ffffffffffffff max_cycles:x1cd42e4fb max_idle_ns: 881590591483 ns
[    0.000000] Zone ranges:
[    0.000000]   DMA      [mem 0x0000000000001000-0x0000000000ffffff]
[    0.000000]   DMA32    [mem 0x0000000001000000-0x000000003ffeffff]
[    0.0000]   Normal  mpy
[    0.0000]   Deve  empy[    0.0000] ovable zone start forr each node
[    0.000000] Early memory node ranges
[    0.000000]   node   0: [mem 0x0000000000001000-0x000000000009efff]
[    0.000000]   node   0: [mem 0x0000000000100000-0x000000003ffeffff]
[    0.000000] Reserved but unavailable: 98 pages
[    0.000000] Initmem setup node 0 [mem 0x0000000000001000-0x000000003ffeffff]
[    0.000000] ACPI: PM-Timer IO Port: 0x4008
[    0.000000] IOAPIC[0]: apic_id 2, version 32, address 0xfec00000, GSI 0-23
[    0.000000] ACPI: INT_SRC_OVR (bus 0 bus_irq 0 global_irq 2 dfl dfl)
[    0.000000] ACPI: INT_SRC_OVR (bus 0 bus_irq 9 global_irq 9 low level)
[   .000000] in ACPI (MADT) for SMP configuration fomatin[    0.000000] smpboot: Allowing 2 CPUs, 0 hotplug CPUs
[    0.000000] PM: Registered nosave memory: [mem 0x00000000-0x00000fff]
[    0.000000] PM: Registered nosave memory: [mem 0x0009f000-0x0009ffff]
[    0.000000] PM: Registered nosave memory: [mem 0x000a0000-0x000effff]
[    0.000000] PM: Registered nosave memory: [mm 0x000f00-0x000fffff]
[    0.000000] 20: [mem 0x40000000-0xfebfffff] available for PCI devices
[    0.000000] Booting paravirtualized kernel on KVM
[    0.000000] clocksource: refined-jiffies: mask: 0xffffffff max_cycles: 0xffffffff, max_idle_ns: 7645519600211568 ns
[    0.000000] random: get_random_bytes called from start_kernel+0x99/0x4fd with crng_init=0
[    0.000000] setup_percpu: NR_CPUS:8192 nr_cpumsk_bit:2 nr_cpu_ids:2 nr_node_ids:1
[    0.000000] percpu: Embedded 45 pages/cpu s147456 r8192 d28672 u1048576
[    0.000000] PV qspinlock hash table entries: 256 (order: 0, 4096 bytes)
[    0.000000] Built 1 zonelists, mobility grouping on.Toal pages: 257913
[  0.0000 Plicyon:  DM2
[    0.000000] Kernel command lineBOOT_IMAGE=/boot/vmlinuz-4.15.0-91-generic root=UUID=fc432cd9-3eff-4f0f-956a-9c088d130e57 ro console=tty1 console=ttyS0
[    0.000000] Memory: 982536K/1048120K available (12300K kernel code, 2481K rwdata, 4264K rodata, 2432K init, 2712K bss, 65584K reserved, 0K cma-reserved)
[    0.000000] SLUB: HWalign=644, Order=0-3, MinObjects=0, CPUs=2, Nodes=1
[    0.000000] Kernel/User page tables isolation: enabled
[    0.000000] ftrace: allocating 39347 entries in 154 pages
[    0.004000] Hierarchical RCU implementation.
[    0.004000] 	RCU restricting CPUs from NR_CPUS=8192 to nr_cpu_ids=2.
[    0.004000] 	Tasks RCU enabled.
[    0.004000] RCU: Adjusting geometry for rcu_fanout_leaf=16, nr_cpu_ids=2
[    0.004000] NR_IRQS: 524544, nr_irqs: 440, preallocated irqs: 16
[    0.004000] Console: colour VGA+ 80x25
[    0.004000] console [tty1] enabled
[    0.004000] console [ttyS0] enabled
[    0.004000] ACPI: Core revision 20170831
[    0.004000] ACPI: 2 ACPI AML tables successfully acquired and loaded
[    0.004000] APIC: Switch to symmetric I/O mode setup
[    0.004000] x2apic enabled
[    0.004000] Switced APIC routing to physical x2apic.
[    0.0004895] ..TIMER: vector=0x30 apic1=0 pin1=2 apic2=-1 pin2=-1
[    0.008003] tsc: Detected 2304.000 MHz processor
[    0.008874] Calibrating delay loop (skipped) preset value.. 4608.00 BogoMIPS (lpj=9216000)
[    0.012005] pid_max: default: 32768 minimum: 301
[    0.013209] Security Framework initialized
[    0.014259] Yama: becoming mindful.
[    0.016036] AppArmor: AppArmor initialized
[    0.021646] Dentry cache hash table entries: 131072 (order: 8, 1048576 bytes)
[    0.024076] Inode-cache hash table entries: 65536 (order: 7, 524288 bytes)
[    0.028036] Mount-cache hash table entries: 2048 (order: 2, 16384 bytes)
[    0.032017] Mountpoint-cache hash table entries: 2048 (order: 2, 16384 bytes)
[    0.033605] Last level iTLB entries: 4KB 64, 2MB 8, 4MB 8
[    0.036002] Last level dTLB entries: 4KB 64, 2MB 0, 4MB 0, 1GB 4
[    0.037498] Spectre V1 : Mitigation: usercopy/swapgs barriers and __user pointer sanitization
[    0.040005] Spectre V2 : Mitigation: Full generic retpoline
[    0.044002] Spectre V2 : Spectre v2 / SpectreRSB mitigation: Filling RSB on context switch
[    0.046076] Speculative Store Bypass: Vulnerable
[    0.048041] MDS: Vulnerable: Clear CPU buffers attempted, no microcode
[    0.049810] Freeing SMP alternatives memory: 36K
[    0.161012] smpboot: CPU0: Intel(R) Core(TM) i5-7360U CPU @ 2.30GHz (family: 0x6, model: 0x8e, stepping: 0x9)
[    0.164103] Performance Events: unsupported p6 CPU model 142 no PMU driver, software events only.
[    0.168058] Hierarchical SRCU implementation.
[    0.170070] NMI watchdog: Perf event create on CPU 0 failed with -2
[    0.172006] NMI watchdog: Perf NMI watchdog permanently disabled
[    0.176382] smp: Bringing up secondary CPUs ...
[    0.180106] x86: Booting SMP configuration:
[    0.184004] .... node  #0, CPUs:      #1
[    0.004000] kvm-clock: cpu 1, msr 0:3ff44041, secondary cpu clock
[    0.188029] smp: Brought up 1 node, 2 CPUs
[    0.192009] smpboot: Max logical packages: 1
[    0.193107] smpboot: Total of 2 processors activated (9216.00 BogoMIPS)
[    0.196139] devtmpfs: initialized
[    0.197002] x86/mm: Memory block size: 128MB
[    0.200213] evm: security.selinux
[    0.201111] evm: security.SMACK64
[    0.202429] evm: security.SMACK64EXEC
[    0.204006] evm: security.SMACK64TRANSMUTE
[    0.208006] evm: security.SMACK64MMAP
[    0.212005] evm: security.apparmor
[    0.216005] evm: security.ima
[    0.220003] evm: security.capability
[    0.228009] clocksource: jiffies: mask: 0xffffffff max_cycles: 0xffffffff, max_idle_ns: 7645041785100000 ns
[    0.232023] futex hash table entries: 512 (order: 3, 32768 bytes)
[    0.241182] pinctrl core: initialized pinctrl subsystem
[    0.242702] RTC time:  8:04:12, date: 03/28/20
[    0.243939] NET: Registered protocol family 16
[    0.244066] audit: initializing netlink subsys (disabled)
[    0.245462] audit: type=2000 audit(1585382655.330:1): state=initialized audit_enabled=0 res=1
[    0.248010] cpuidle: using governor ladder
[    0.250475] cpuidle: using governor menu
[    0.252126] ACPI: bus type PCI registered
[    0.253217] acpiphp: ACPI Hot Plug PCI Controller Driver version: 0.5
[    0.256220] PCI: Using configuration type 1 for base access
[    0.265092] HugeTLB registered 2.00 MiB page size, pre-allocated 0 pages
[    0.268513] ACPI: Added _OSI(Module Device)
[    0.272018] ACPI: Added _OSI(Processor Device)
[    0.276020] ACPI: Added _OSI(3.0 _SCP Extensions)
[    0.280008] ACPI: Added _OSI(Processor Aggregator Device)
[    0.281276] ACPI: Added _OSI(Linux-Dell-Video)
[    0.282438] ACPI: Added _OSI(Linux-Lenovo-NV-HDMI-Audio)
[    0.284009] ACPI: Added _OSI(Linux-HPI-Hybrid-Graphics)
[    0.288561] ACPI: Executed 1 blocks of module-level executable AML code
[    0.296663] ACPI: Interpreter enabled
[    0.299531] ACPI: (supports S0 S5)
[    0.300009] ACPI: Using IOAPIC for interrupt routing
[    0.301790] PCI: Using host bridge windows from ACPI; if necessary, use "pci=nocrs" and report a bug
[    0.304357] ACPI: Enabled 2 GPEs in block 00 to 07
[    0.313769] ACPI: PCI Root Bridge [PCI0] (domain 0000 [bus 00-ff])
[    0.315276] acpi PNP0A03:00: _OSC: OS supports [ASPM ClockPM Segments MSI]
[    0.316033] acpi PNP0A03:00: _OSC: not requesting OS control; OS requires [ExtendedConfig ASPM ClockPM MSI]
[    0.320022] acpi PNP0A03:00: fail to add MMCONFIG information, can't access extended PCI configuration space under this bridge.
[    0.324879] PCI host bridge to bus 0000:00
[    0.328009] pci_bus 0000:00: root bus resource [io  0x0000-0x0cf7 window]
[    0.332009] pci_bus 0000:00: root bus resource [io  0x0d00-0xffff window]
[    0.336008] pci_bus 0000:00: root bus resource [mem 0x000a0000-0x000bffff window]
[    0.340010] pci_bus 0000:00: root bus resource [mem 0x40000000-0xfdffffff window]
[    0.341845] pci_bus 0000:00: root bus resource [bus 00-ff]
[    0.346583] pci 0000:00:01.1: legacy IDE quirk: reg 0x10: [io  0x01f0-0x01f7]
[    0.348008] pci 0000:00:01.1: legacy IDE quirk: reg 0x14: [io  0x03f6]
[    0.352010] pci 0000:00:01.1: legacy IDE quirk: reg 0x18: [io  0x0170-0x0177]
[    0.353818] pci 0000:00:01.1: legacy IDE quirk: reg 0x1c: [io  0x0376]
[    0.392395] pci 0000:00:07.0: quirk: [io  0x4000-0x403f] claimed by PIIX4 ACPI
[    0.394026] pci 0000:00:07.0: quirk: [io  0x4100-0x410f] claimed by PIIX4 SMB
[    0.410499] ACPI: PCI Interrupt Link [LNKA] (IRQs 5 9 10 *11)
[    0.412472] ACPI: PCI Interrupt Link [LNKB] (IRQs 5 9 *10 11)
[    0.416494] ACPI: PCI Interrupt Link [LNKC] (IRQs 5 *9 10 11)
[    0.418341] ACPI: PCI Interrupt Link [LNKD] (IRQs 5 9 10 *11)
[    0.420525] SCSI subsystem initialized
[    0.421718] pci 0000:00:02.0: vgaarb: setting as boot VGA device
[    0.424000] pci 0000:00:02.0: vgaarb: VGA device added: decodes=io+mem,owns=io+mem,locks=none
[    0.424012] pci 0000:00:02.0: vgaarb: bridge control possible
[    0.428006] vgaarb: loaded
[    0.428994] ACPI: bus type USB registered
[    0.430073] usbcore: registered new interface driver usbfs
[    0.431499] usbcore: registered new interface driver hub
[    0.432041] usbcore: registered new device driver usb
[    0.433446] EDAC MC: Ver: 3.0.0
[    0.436101] PCI: Using ACPI for IRQ routing
[    0.440356] NetLabel: Initializing
[    0.444006] NetLabel:  domain hash size = 128
[    0.445019] NetLabel:  protocols = UNLABELED CIPSOv4 CALIPSO
[    0.448027] NetLabel:  unlabeled traffic allowed by default
[    0.449345] clocksource: Switched to clocksource kvm-clock
[    0.461593] VFS: Disk quotas dquot_6.6.0    0.488445] VFS: Dquot-cache hash table entries: 512 (order 0, 4096 bytes)
[    0.537103] AppArmor AppArmor Filesystem Enabled
[    0.560675] pnp: PnP ACPI init
[    0.563010] pnp: PnP ACPI: found 3 devices

[    0.575493] clocksource: acpi_pm: mask: 0xffffff max_cycles: 0xffffff, max_idle_ns: 2085701024 ns
[    0.578717] NET: Registered protocol family 2
[    0.580287] TCP established hash table entries: 8192 (order: 4, 65536 bytes)
[    0.582372] TCP bind hash table entries: 8192 (orde: 5, 11072 bytes)
[    0.663131] TCP: Hash tables configured (established 8192 bind 8192)
[    0.664870] UDP hash table entries: 512 (order: 2, 16384 bytes)
[    0.666929] UDP-Lite hash table entries: 512 (order: 2, 16384 bytes)
[    0.669267] NET: Registered protocol family 1
[    0.670930] pci 0000:00:00.0: Limiting direct PCI/PCI transfers
[    0.672722] pci 0000:00:01.0: Activating ISA DMA hang workarounds
[    0.676914] pci 0000:00:02.0: Video device with shadowed ROM at [mem 0x000c0000-0x000dffff]
[    0.679705] Unpacking initramfs...

[    1.271034] Freeing initrd memory: 19732K
[    1.274738] clocksource: tsc: mask: 0xffffffffffffffff max_cycles: 0x2135f7c97c8, max_idle_ns: 440795273205 ns
[    1.296399] platform rtc_cmos: registered platform RTC device (no PNP device found)
[    1.298573] Scanning for low memory corruption every 60 seconds
[    1.306089] Initialise system trusted keyrings
[    1.310097] Key type blacklist registered
[    1.312422] workingset: timestamp_bits=36 max_order=18 bucket_order=0
[    1.321962] zbud: loaded
[    1.326949] squashfs: version 4.0 (2009/01/31) Phillip Lougher
[    1.334176] fuse init (API version 7.26)
[    1.342588] Key type asymmetric registered
[    1.343774] Asymmetric key parser 'x509' registered
[    1.345228] Block layer SCSI generic (bsg) driver version 0.4 loaded (major 246)
[    1.348235] io scheduler noop registered
[    1.353228] io scheduler deadline registered
[    1.355887] io scheduler cfq registered (default)
[    1.359778] ACPI: AC Adapter [AC] (off-line)
[    1.365175] input: Power Button as /devices/LNXSYSTM:00/LNXPWRBN:00/input/input0
[    1.368144] ACPI: Power Button [PWRF]
[    1.369519] input: Sleep Button as /devices/LNXSYSTM:00/LNXSLPBN:00/input/input1
[    1.371712] ACPI: Sleep Button [SLPF]
[    1.380272] Serial: 8250/16550 driver, 32 ports, IRQ sharing enabled
[    1.384357] ACPI: Battery Slot [BAT0] (battery present)
[    1.407469] 00:02: ttyS0 at I/O 0x3f8 (irq = 4, base_baud = 115200) is a 16550A
[    1.415824] Linux agpgart interface v0.103
[    1.420393] loop: module loaded
[    1.424800] scsi host0: ata_piix
[    1.429865] scsi host1: ata_piix
[    1.430859] ata1: PATA max UDMA/33 cmd 0x1f0 ctl 0x3f6 bmdma 0xd000 irq 14
[    1.436001] ata2: PATA max UDMA/33 cmd 0x170 ctl 0x376 bmdma 0xd008 irq 15
[    1.438772] libphy: Fixed MDIO Bus: probed
[    1.441443] tun: Universal TUN/TAP device driver, 1.6
[    1.446340] PPP generic driver version 2.4.2
[    1.448300] ehci_hcd: USB 2.0 'Enhanced' Host Controller (EHCI) Driver
[    1.452023] ehci-pci: EHCI PCI platform driver
[    1.454303] ehci-platform: EHCI generic platform driver
[    1.465502] ohci_hcd: USB 1.1 'Open' Host Controller (OHCI) Driver
[    1.469588] ohci-pci: OHCI PCI platform driver
[    1.471158] ohci-platform: OHCI generic platform driver
[    1.472634] uhci_hcd: USB Universal Host Controller Interface driver
[    1.474412] i8042: PNP: PS/2 Controller [PNP0303:PS2K,PNP0f03:PS2M] at 0x60,0x64 irq 1,12
[    1.477801] serio: i8042 KBD port at 0x60,0x64 irq 1
[    1.479187] serio: i8042 AUX port at 0x60,0x64 irq 12
[    1.481522] mousedev: PS/2 mouse device common for all mice
[    1.486156] input: AT Translated Set 2 keyboard as /devices/platform/i8042/serio0/input/input2
[    1.490500] rtc_cmos rtc_cmos: rtc core: registered rtc_cmos as rtc0
[   1.4242]rtc_cmos rtc_cmos: alarms up to one day, 114 bytes nvram
[    1.639737] i2c /dev entries driver
[    1.642931] device-mapper: uevent: version 1.0.3
[    1.645631] device-mapper: ioctl: 4.37.0-ioctl (2017-09-20) initialised: dm-devel@redhat.com
[    1.650193] ledtrig-cpu: registered to indicate activity on CPUs
[    1.653949] NET: Registered protocol family 10
[    1.660283] Segment Routing with IPv6
[    1.661959] NET: Registered protocol family 17
[    1.663578] Key type dns_resolver registered
[    1.666586] mce: Using 0 MCE banks
[    1.669178] RAS: Correctable Errors collector initialized.
[    1.674248] sched_clock: Marking stable (1674216806, 0)->(6098961533, -4424744727)
[    1.680456] registered taskstats version 1
[    1.683547] Loading compiled-in X.509 certificates
[    1.689632] Loaded X.509 cert 'Build time autogenerated kernel key: d019e8c5f4cbc828f6af43369f65a014a3a68371'
[    1.704948] zswap: loaded using pool lzo/zbud
[    1.713973] Key type big_key registered
[    1.718069] Key type trusted registered
[    1.724774] Key type encrypted registered
[    1.727498] AppArmor: AppArmor sha1 policy hashing enabled
[    1.730991] ima: No TPM chip found, activating TPM-bypass! (rc=-19)
[    1.734622] ima: Allocated hash algorithm: sha1
[    1.737697] evm: HMAC attrs: 0x1
[    1.756021]   Magic number: 12:445:69
[    1.757099] rtc_cmos rtc_cmos: setting system clock to 2020-03-28 08:04:14 UTC (1585382654)
[    1.758817] BIOS EDD facility v0.16 2004-Jun-25, 0 devices found
[    1.760513] EDD information not available.
[    1.764012] Freeing unused kernel image memory: 2432K
[    1.788049] Write protecting the kernel read-only data: 20480k
[    1.789873] Freeing unused kernel image memory: 2008K
[    1.797402] Freeing unused kernel image memory: 1880K
[    1.804607] x86/mm: Checked W+X mappings: passed, no W+X pages found.
[    3.589431] x86/mm: Checking user space page tables
[    3.610174] x86/mm: Checked W+X mappings: passed, no W+X pages found.
Loading, please wait...
starting version 237
[    3.698450] e1000: Intel(R) PRO/1000 Network Driver - version 7.3.21-k8-NAPI
[    3.701525] e1000: Copyright (c) 1999-2006 Intel Corporation.
[    3.705554] Fusion MPT base driver 3.04.20
[    3.707987] Copyright (c) 1999-2008 LSI Corporation
[    3.721388] Fusion MPT SPI Host driver 3.04.20
[    3.727942] AVX2 version of gcm_enc/dec engaged.
[    3.729380] AES CTR mode by8 optimization enabled
[    3.915628] input: ImExPS/2 Generic Explorer Mouse as /devices/platform/i8042/serio1/input/input4
[    4.163312] e1000 0000:00:03.0 eth0: (PCI:33MHz:32-bit) 02:b1:13:47:2b:13
[    4.165133] e1000 0000:00:03.0 eth0: Intel(R) PRO/1000 Network Connection
[    4.186699] mptbase: ioc0: Initiating bringup
[    4.280947] ioc0: LSI53C1030 A0: Capabilities={Initiator}
[    4.587744] scsi host2: ioc0: LSI53C1030 A0, FwRev=00000000h, Ports=1, MaxQ=256, IRQ=20
[    4.756512] scsi 2:0:0:0: Direct-Access     VBOX     HARDDISK         1.0  PQ: 0 ANSI: 5
[    4.788168] scsi target2:0:0: Beginning Domain Validation
[    4.792053] scsi target2:0:0: Domain Validation skipping write tests
[    4.793343] scsi target2:0:0: Ending Domain Validation
[    4.822034] scsi target2:0:0: asynchronous
[    4.843139] scsi 2:0:1:0: Direct-Access     VBOX     HARDDISK         1.0  PQ: 0 ANSI: 5
[    5.186155] scsi target2:0:1: Beginning Domain Validation
[    5.202826] random: fast init done
[    5.214029] e1000 0000:00:08.0 eth1: (PCI:33MHz:32-bit) 08:00:27:c6:bb:13
[    5.216323] random: systemd-udevd: uninitialized urandom read (16 bytes read)
[    5.217966] e1000 0000:00:08.0 eth1: Intel(R) PRO/1000 Network Connection
[    5.219293] random: systemd-udevd: uninitialized urandom read (16 bytes read)
[    5.222994] random: systemd-udevd: uninitialized urandom read (16 bytes read)
[    5.228011] scsi target2:0:1: Domain Validation skipping write tests
[    5.265215] scsi target2:0:1: Ending Domain Validation
[    5.267111] e1000 0000:00:03.0 enp0s3: renamed from eth0
[    5.269021] scsi target2:0:1: asynchronous
[    5.274050] sd 2:0:0:0: Attached scsi generic sg0 type 0
[    5.285114] sd 2:0:0:0: [sda] 20971520 512-byte logical blocks: (10.7 GB/10.0 GiB)
[    5.285712] sd 2:0:1:0: [sdb] 20480 512-byte logical blocks: (10.5 MB/10.0 MiB)
[    5.298629] sd 2:0:1:0: Attached scsi generic sg1 type 0
[    5.299831] sd 2:0:1:0: [sdb] Write Protect is off
[    5.303279] sd 2:0:1:0: [sdb] Incomplete mode parameter data
[    5.314379] sd 2:0:1:0: [sdb] Assuming drive cache: write through
[    5.316081] sd 2:0:0:0: [sda] Write Protect is off
[    5.317923] sd 2:0:0:0: [sda] Incomplete mode parameter data
[    5.320582] sd 2:0:0:0: [sda] Assuming drive cache: write through
[    5.322467] e1000 0000:00:08.0 enp0s8: renamed from eth1
[    5.325339]  sda: sda1
[    5.337274] sd 2:0:1:0: [sdb] Attached SCSI disk
[    5.338024] sd 2:0:0:0: [sda] Attached SCSI disk
Begin: Loading essential drivers ... [    6.792126] raid6: sse2x1   gen()  6757 MB/s
[    6.856558] raid6: sse2x1   xor()  4335 MB/s
[    6.904177] raid6: sse2x2   gen() 13863 MB/s
[    6.980285] raid6: sse2x2   xor()  9728 MB/s
[    7.036286] raid6: sse2x4   gen() 16799 MB/s
[    7.136096] raid6: sse2x4   xor() 10290 MB/s
[    7.220318] raid6: avx2x1   gen() 24303 MB/s
[    7.292253] raid6: avx2x1   xor() 14286 MB/s
[    7.372289] raid6: avx2x2   gen() 26406 MB/s
[    7.452269] raid6: avx2x2   xor() 16601 MB/s
[    7.540568] raid6: avx2x4   gen() 31754 MB/s
[    7.620298] raid6: avx2x4   xor() 21061 MB/s
[    7.652148] raid6: using algorithm avx2x4 gen() 31754 MB/s
[    7.670359] raid6: .... xor() 21061 MB/s, rmw enabled
[    7.693546] raid6: using avx2x2 recovery algorithm
[    7.735742] xor: automatically using best checksumming function   avx       
[    7.750855] async_tx: api initialized (async)
done.
Begin: Running /scripts/init-premount ... done.
Begin: Mounting root file system ... Begin: Running /scripts/local-top ... done.
Begin: Running /scripts/local-premount ... [    7.808631] Btrfs loaded, crc32c=crc32c-intel
Scanning for Btrfs filesystems
done.
Warning: fsck not present, so sk[    7.849881] EXT4-fs (sda1): INFO: recovery required on readonly filesystem
ipping root file system
[    7.879665] EXT4-fs (sda1): write access will be enabled during recovery
[    8.019972] EXT4-fs (sda1): recovery complete
[    8.027132] EXT4-fs (sda1): mounted filesystem with ordered data mode. Opts: (null)
done.
Begin: Running /scripts/local-bottom ... done.
Begin: Running /scripts/init-bottom ... done.
[    8.238699] ip_tables: (C) 2000-2006 Netfilter Core Team
[    8.281354] systemd[1]: systemd 237 running in system mode. (+PAM +AUDIT +SELINUX +IMA +APPARMOR +SMACK +SYSVINIT +UTMP +LIBCRYPTSETUP +GCRYPT +GNUTLS +ACL +XZ +LZ4 +SECCOMP +BLKID +ELFUTILS +KMOD -IDN2 +IDN -PCRE2 default-hierarchy=hybrid)
[    8.448326] systemd[1]: Detected virtualization oracle.
[    8.506201] systemd[1]: Detected architecture x86-64.

Welcome to [1mUbuntu 18.04.3 LTS[0m!

[    8.633409] systemd[1]: Set hostname to <ubuntu-bionic>.
[    8.954780] systemd[1]: Reached target Swap.
[[0;32m  OK  [0m] Reached target Swap.
[    9.044845] systemd[1]: Set up automount Arbitrary Executable File Formats File System Automount Point.
[[0;32m  OK  [0m] Set up automount Arbitrary Executabâ€¦rmats File System Automount Point.
[    9.050786] systemd[1]: Started Forward Password Requests to Wall Directory Watch.
[[0;32m  OK  [0m] Started Forward Password Requests to Wall Directory Watch.
[    9.064438] systemd[1]: Reached target System Time Synchronized.
[[0;32m  OK  [0m] Reached target System Time Synchronized.
[    9.074457] systemd[1]: Created slice User and Session Slice.
[[0;32m  OK  [0m] Created slice User and Session Slice.
[    9.082699] systemd[1]: Reached target User and Group Name Lookups.
[[0;32m  OK  [0m] Reached target User and Group Name Lookups.
[[0;32m  OK  [0m] Created slice System Slice.
[[0;32m  OK  [0m] Reached target Slices.
[[0;32m  OK  [0m] Created slice system-serial\x2dgetty.slice.
[[0;32m  OK  [0m] Listening on Journal Socket (/dev/log).
[[0;32m  OK  [0m] Listening on Network Service Netlink Socket.
[[0;32m  OK  [0m] Listening on udev Control Socket.
[[0;32m  OK  [0m] Listening on Syslog Socket.
[[0;32m  OK  [0m] Listening on Journal Socket.
         Starting Remount Root and Kernel File Systems...[    9.176337] EXT4-fs (sda1): re-mounted. Opts: (null)

         Starting Set the console keyboard layout...
         Starting Create list of required stâ€¦ce nodes for the current kernel...
         Mounting POSIX Message Queue File System...
[[0;32m  OK  [0m] Listening on Device-mapper event daemon FIFOs.
[[0;32m  OK  [0m] Listening on LVM2 metadata daemon socket.
         Starting Monitoring of LVM2 mirrorsâ€¦ng dmeventd or progress polling...
[[0;32m  OK  [0m] Listening on Journal Audit Socket.
         Starting Journal Service...
         Starting Load Kernel Modules...
         Starting Uncomplicated firewall...
[    9.383527] Loading iSCSI transport class v2.0-870.
         Mounting Huge Pages File System...
         Mounting Kernel Debug File System...
[[0;32m  OK  [0m] Listening on /dev/initctl Compatibility Named Pipe.
[[0;32m  OK  [0m] Listening on LVM2 poll daemon socket.
[[0;32m  OK  [0m] Listening on udev Kernel Socket.
         Starting udev Coldplug all Devices...
[[0;32m  OK  [0m] Started Remount Root and Kernel File Systems.
[[0;32m  OK  [0m] Started Set the console keyboard layout.
[   10.412956] iscsi: registered transport (tcp)
[[0;32m  OK  [0m] Started Create list of required staâ€¦vice nodes for the current kernel.
[[0;32m  OK  [0m] [   10.420007] random: crng init done
[   10.420948] random: 7 urandom warning(s) missed due to ratelimiting
Mounted POSIX Message Queue File System.
[[0;32m  OK  [0m] Started Journal Service.
[[0;32m  OK  [0m] Started Uncomplicated firewall.
[[0;32m  OK  [[   10.458959] iscsi: registered transport (iser)
0m] Mounted Huge Pages File System.
[[0;32m  OK  [0m] Started Load Kernel Modules.
[[0;32m  OK  [0m] Mounted Kernel Debug File System.
[[0;32m  OK  [0m] Started LVM2 metadata daemon.
         Mounting FUSE Control File System...
         Mounting Kernel Configuration File System...
         Starting Apply Kernel Variables...
         Starting Create Static Device Nodes in /dev...
         Starting Load/Save Random Seed...
         Starting Flush Journal to Persistent Storage...
[[0;32m  OK  [0m] Started Monitoring of LVM2 mirrors,â€¦sing dmeventd or progress polling.
[[0;32m  OK  [0m] Started udev Coldplug all Devices.
[[0;32m  OK  [0m] Mounted FUSE Control File System.
[[0;32m  OK  [0m] Mounted Kernel Configuration File System.
[[0;32m  OK  [0m] Started Apply Kernel Variables.
[[0;32m  OK  [0m] Started Create Static Device Nodes in /dev.
[[0;32m  OK  [0m] Started Load/Save Random Seed.
         Starting udev Kernel Device Manager...
[[0;32m  OK  [0m] Reached target Local File Systems (Pre).
[[0;32m  OK  [0m] Reached target Local File Systems.
         Starting Tell Plymouth To Write Out Runtime Data...
         Starting ebtables ruleset management...
         Starting Set console font and keymap...
         Starting AppArmor initialization...
[[0;32m  OK  [0m] Started udev Kernel Device Manager.
[[0;32m  OK  [0m] Started Tell Plymouth To Write Out Runtime Data.
[[0;32m  OK  [0m] Started Dispatch Password Requests to Console Directory Watch.
[[0;32m  OK  [0m] Reached target Local Encrypted Volumes.
[[0;32m  OK  [0m] Started Set console font and keymap.
[[0;32m  OK  [0m] Started ebtables ruleset management.
[[0;32m  OK  [0m] Found device /dev/ttyS0.
[[0;32m  OK  [0m] Started Flush Journal to Persistent Storage.
[[0;32m  OK  [0m] Listening on Load/Save RF Kill Switch Status /dev/rfkill Watch.
         Starting Create Volatile Files and Directories...
[[0;32m  OK  [0m] Started Create Volatile Files and Directories.
         Starting Update UTMP about System Boot/Shutdown...
[[0;32m  OK  [0m] Started Update UTMP about System Boot/Shutdown.
[[0;32m  OK  [0m] Started AppArmor initialization.
         Starting Initial cloud-init job (pre-networking)...
[   13.010186] cloud-init[560]: Cloud-init v. 19.3-41-gc4735dd3-0ubuntu1~18.04.1 running 'init-local' at Sat, 28 Mar 2020 08:04:25 +0000. Up 12.80 seconds.
[[0;32m  OK  [0m] Started Initial cloud-init job (pre-networking).
[[0;32m  OK  [0m] Reached target Network (Pre).
         Starting Network Service...
[[0;32m  OK  [0m] Started Network Service.
         Starting Network Name Resolution...
         Starting Wait for Network to be Configured...
[[0;32m  OK  [0m] Started Network Name Resolution.
[[0;32m  OK  [0m] Reached target Host and Network Name Lookups.
[[0;32m  OK  [0m] Reached target Network.
[[0;32m  OK  [0m] Started Wait for Network to be Configured.
         Starting Initial cloud-init job (metadata service crawler)...
[   15.590562] cloud-init[719]: Cloud-init v. 19.3-41-gc4735dd3-0ubuntu1~18.04.1 running 'init' at Sat, 28 Mar 2020 08:04:28 +0000. Up 15.46 seconds.
[   15.618795] cloud-init[719]: ci-info: ++++++++++++++++++++++++++++++++++++++Net device info+++++++++++++++++++++++++++++++++++++++
[   15.648517] cloud-init[719]: ci-info: +--------+------+-----------------------------+---------------+--------+-------------------+
[   15.709579] cloud-init[719]: ci-info: | Device |  Up  |           Address           |      Mask     | Scope  |     Hw-Address    |
[   15.739434] cloud-init[719]: ci-info: +--------+------+-----------------------------+---------------+--------+-------------------+
[   15.764788] cloud-init[719]: ci-info: | enp0s3 | True |          10.0.2.15          | 255.255.255.0 | global | 02:b1:13:47:2b:13 |
[   15.788869] cloud-init[719]: ci-info: | enp0s3 | True |  fe80::b1:13ff:fe47:2b13/64 |       .       |  link  | 02:b1:13:47:2b:13 |
[   15.852500] [cloud-init[0;32m  OK  [0m[719]: ] ci-info: | enp0s8 | True |        192.168.33.10        | 255.255.255.0 | global | 08:00:27:c6:bb:13 |Started Initial cloud-init job (metadata service crawler).

[[0;32m  OK  [0m] Reached target Cloud-config availability.
[   15.953519] [[0;32m  OK  [0m] Reached target System Initialization.
cloud-init[719]: ci-info: | enp0s8 | True | fe80::a00:27ff:fec6:bb13/64 |       .       |  link  | 08:00:27:c6:bb:13 |
[[0;32m  OK  [0m] Started Discard unused blocks once a week.
[[0;32m  OK  [0m] Started Message of the Day.
[[0;32m  OK  [0m] Started Daily Cleanup of Temporary Directories.
[[0;32m  OK  [0m] Started Daily apt download activities.
[[0;32m  OK  [0m] Started Daily apt upgrade and clean activities.
         Starting LXD - unix socket.
[[0;32m  OK  [0m] Started ACPI Events Check.
[[0;32m  OK  [0m] Reached target Paths.
[[0;32m  OK  [0m] Listening on D-Bus System Message Bus Socket.
         Starting Socket activation for snappy daemon.
[[0;32m  OK  [0m] Listening on UUID daemon activation socket.
[[0;32m  OK  [0m] Listening on ACPID Listen Socket.
[[0;32m  OK  [0m] Listening on Open-iSCSI iscsid Socket.
[[0;32m  OK  [0m] Reached target Timers.
[[0;32m  OK  [0m] Reached target Network is Online.
         Starting Availability of block devices...
[[0;32m  OK  [0m] Reached target Remote File Systems (Pre).
[[0;32m  OK  [0m] Reached target Remote File Systems.
[[0;32m  OK  [0m] Listening on LXD - unix socket.
[[0;32m  OK  [0m] Listening on Socket activation for snappy daemon.
[[0;32m  OK  [0m] Reached target Sockets.
[[0;32m  OK  [0m] Reached target Basic System.
[   16.004888] cloud-init[719]: ci-info: |   lo   | True |          127.0.0.1          |   255.0.0.0   |  host  |         .         |
         Starting vboxadd.service...
[   16.065058] cloud-init[719]:          Starting LXD - container startup/shutdown...
         Starting LSB: automatic crash report generation...
         Starting Accounts Service...
ci-info: |   lo   | True |           ::1/128           |       .       |  host  |         .         |
[   16.071974]          Starting System Logging Service...
[[0;32m  OK  [0m] Started Regular background program processing daemon.
[[0;32m  OK  [0m] Started FUSE filesystem for LXC.
[[0;32m  OK  [0m] Started D-Bus System Message Bus.
cloud-init[719]: ci-info: +--------+------+-----------------------------+---------------+--------+-------------------+
[   16.097394] cloud-init[719]: ci-info: +++++++++++++++++++++++++++++Route IPv4 info+++++++++++++++++++++++++++++
[   16.100401] cloud-init[719]: ci-info: +-------+--------------+----------+-----------------+-----------+-------+
[   16.103184] cloud-init[719]: ci-info: | Route | Destination  | Gateway  |     Genmask     | Interface | Flags |
[   16.108400] cloud-init[719]: ci-info: +-------+--------------+----------+-----------------+-----------+-------+
[   16.112970] cloud-init[719]: ci-info: |   0   |   0.0.0.0    | 10.0.2.2 |     0.0.0.0     |   enp0s3  |   UG  |
[   16.131061] cloud-init[719]: ci-info: |   1   |   10.0.2.0   | 0.0.0.0  |  255.255.255.0  |   enp0s3  |   U   |
[   16.141953] cloud-init[719]: ci-info: |   2   |   10.0.2.2   | 0.0.0.0  | 255.255.255.255 |   enp0s3  |   UH  |
[   16.157339] cloud-init[719]: ci-info: |   3   | 192.168.33.0 | 0.0.0.0  |  255.255.255.0  |   enp0s8  |   U   |
[   16.160344] cloud-init[719]: ci-info: +-------+--------------+----------+-----------------+-----------+-------+
[   16.172413] cloud-init[719]: ci-info: +++++++++++++++++++Route IPv6 info+++++++++++++++++++
[   16.195926] cloud-init[719]: ci-info: +-------+-------------+---------+-----------+-------+
[   16.213966] cloud-init[719]: ci-info: | Route | Destination | Gateway | Interface | Flags |
[   16.215710] cloud-init[719]: ci-info: +-------+-------------+---------+-----------+-------+
         Starting LSB: Record successful boot for GRUB...
[   16.231576] cloud-init[719]: ci-info: |   1   |  fe80::/64  |    ::   |   enp0s3  |   U   |
[   16.235246] cloud-init[719]: ci-info: |   2   |  fe80::/64  |    ::   |   enp0s8  |   U   |
[   16.238344] cloud-init[719]: ci-info: |   4   |    local    |    ::   |   enp0s3  |   U   |
[   16.240952] cloud-init[719]: ci-info: |   5   |    local    |    ::   |   enp0s8  |   U   |
[   16.284784] cloud-init[719]: ci-info: |   6   |   ff00::/8  |    ::   |   enp0s3  |   U   |
[   16.317538] cloud-init[719]: ci-info: |   7   |   ff00::/8  |    ::   |   enp0s8  |   U   |
         Starting Permit User Sessions...
[   16.349001] cloud-init[719]: ci-info: +-------+-------------+---------+-----------+-------+
         Starting Dispatcher daemon for systemd-networkd...
         Starting OpenBSD Secure Shell server...
         Starting Snappy daemon...
[[0;32m  OK  [0m] Started Deferred execution scheduler.
         Starting Login Service...
[[0;32m  OK  [0m] Started irqbalance daemon.
[[0;32m  OK  [0m] Started System Logging Service.
[[0;32m  OK  [0m] Started Availability of block devices.
[[0;32m  OK  [0m] Started LXD - container startup/shutdown.
[[0;32m  OK  [0m] Started Permit User Sessions.
[[0;32m  OK  [0m] Started OpenBSD Secure Shell server.
[[0;32m  OK  [0m] Started Login Service.
[[0;32m  OK  [0m] Started Unattended Upgrades Shutdown.
         Starting Authorization Manager...
         Starting Hold until boot process finishes up...
         Starting Terminate Plymouth Boot Screen...
[[0;32m  OK  [0m] Started Hold until boot process finishes up.
         Starting Set console scheme...
[[0;32m  OK  [0m] Started Serial Getty on ttyS0.
[[0;32m  OK  [0m] Started Terminate Plymouth Boot Screen.
[[0;32m  OK  [0m] Started Authorization Manager.
[[0;32m  OK  [0m] Started Accounts Service.
[[0;32m  OK  [0m] Started Set console scheme.
[[0;32m  OK  [0m] Created slice system-getty.slice.
[[0;32m  OK  [0m] Started Getty on tty1.
[[0;32m  OK  [0m] Reached target Login Prompts.
[[0;32m  OK  [0m] Started Dispatcher daemon for systemd-networkd.
[[0;32m  OK  [0m] Started LSB: automatic crash report generation.
[[0;32m  OK  [0m] Started LSB: Record successful boot for GRUB.
[[0;32m  OK  [0m] Started vboxadd.service.
         Starting vboxadd-service.service...
[[0;32m  OK  [0m] Started vboxadd-service.service.
[[0;32m  OK  [0m] Started Snappy daemon.
         Starting Wait until snapd is fully seeded...
[[0;32m  OK  [0m] Started Wait until snapd is fully seeded.
[[0;32m  OK  [0m] Reached target Multi-User System.
[[0;32m  OK  [0m] Reached target Graphical Interface.
         Starting Update UTMP about System Runlevel Changes...
         Starting Apply the settings specified in cloud-config...
[[0;32m  OK  [0m] Started Update UTMP about System Runlevel Changes.
[   17.608568] cloud-init[1211]: Cloud-init v. 19.3-41-gc4735dd3-0ubuntu1~18.04.1 running 'modules:config' at Sat, 28 Mar 2020 08:04:30 +0000. Up 17.49 seconds.
[[0;32m  OK  [0m] Started Apply the settings specified in cloud-config.
         Starting Execute cloud user/final scripts...
[   18.169876] cloud-init[1269]: Cloud-init v. 19.3-41-gc4735dd3-0ubuntu1~18.04.1 running 'modules:final' at Sat, 28 Mar 2020 08:04:30 +0000. Up 18.06 seconds.
[   18.172367] cloud-init[1269]: Cloud-init v. 19.3-41-gc4735dd3-0ubuntu1~18.04.1 finished at Sat, 28 Mar 2020 08:04:30 +0000. Datasource DataSourceNoCloud [seed=/dev/sdb][dsmode=net].  Up 18.16 seconds
[[0;32m  OK  [0m] Started Execute cloud user/final scripts.
[[0;32m  OK  [0m] Reached target Cloud-init target.

Ubuntu 18.04.3 LTS ubuntu-bionic ttyS0

ubuntu-bionic login: 